---
source: tests/test-inputs.rs
expression: stdout
---
[
  {
    "functions": [],
    "properties": [],
    "types": [
      {
        "name": "comment",
        "desc": "some more text",
        "lua_type": "string",
        "source": {
          "line": 28,
          "path": ""
        }
      }
    ],
    "name": "MixedComments",
    "desc": "",
    "source": {
      "line": 25,
      "path": ""
    }
  },
  {
    "functions": [
      {
        "name": "extra_dash",
        "desc": "",
        "params": [
          {
            "name": "amount",
            "desc": "How many more dashes to add.",
            "lua_type": "number"
          }
        ],
        "returns": [],
        "function_type": "static",
        "source": {
          "line": 31,
          "path": ""
        }
      }
    ],
    "properties": [],
    "types": [],
    "name": "TripleDash",
    "desc": "This description\n\t\tsome indented text\nHas a line in the middle, followed by trailing lines.\n\nDouble blank here\n\n```lua\nfunction test()\n\tprint(\"indentation\")\n\n\tdo\n\n\t\tprint(\"more indented\")\n\tend\nend\n```",
    "source": {
      "line": 20,
      "path": ""
    }
  }
]
