---
source: tests/test-inputs.rs
expression: stderr

---
error: The first line of a doc comment must have text after the triple dash
  ┌─ test-input/failing/triple_dash_but_wrong.lua:1:1
  │  
1 │ ╭ ---
2 │ │ --- there's a thing above this
3 │ │ --- @class wrong
  │ ╰────────────────^ The first line of a doc comment must have text after the triple dash

error: aborting due to diagnostic error

