---
source: tests/test-inputs.rs
expression: stdout
---
[
  {
    "functions": [
      {
        "name": "on_year_change",
        "desc": "Function",
        "params": [
          {
            "name": "year",
            "desc": "",
            "lua_type": "number"
          }
        ],
        "returns": [],
        "function_type": "static",
        "source": {
          "line": 17,
          "path": ""
        }
      },
      {
        "name": "announce_message_async",
        "desc": "TypeAssertion > Callback + parameter name",
        "params": [
          {
            "name": "message",
            "desc": "",
            "lua_type": "string"
          }
        ],
        "returns": [
          {
            "desc": "whether it was successful",
            "lua_type": "boolean"
          }
        ],
        "function_type": "static",
        "yields": true,
        "source": {
          "line": 37,
          "path": ""
        }
      }
    ],
    "properties": [
      {
        "name": "world",
        "desc": "TableConstructor",
        "lua_type": "{\n\tgravity = 9.8,\n\ttime = \"relative\"\n}\n",
        "source": {
          "line": 5,
          "path": ""
        }
      },
      {
        "name": "year",
        "desc": "Number",
        "lua_type": "number",
        "source": {
          "line": 11,
          "path": ""
        }
      },
      {
        "name": "copyright",
        "desc": "InterpolatedString",
        "lua_type": "string",
        "source": {
          "line": 14,
          "path": ""
        }
      },
      {
        "name": "name",
        "desc": "String",
        "lua_type": "string",
        "source": {
          "line": 23,
          "path": ""
        }
      },
      {
        "name": "enabled",
        "desc": "Symbol > True",
        "lua_type": "boolean",
        "source": {
          "line": 26,
          "path": ""
        }
      },
      {
        "name": "DEBUG",
        "desc": "Symbol > False",
        "lua_type": "boolean",
        "source": {
          "line": 29,
          "path": ""
        }
      },
      {
        "name": "currently_spectating",
        "desc": "Symbol > Nil",
        "lua_type": "nil",
        "source": {
          "line": 32,
          "path": ""
        }
      },
      {
        "name": "version",
        "desc": "TypeAssertion > string",
        "lua_type": "string\n",
        "source": {
          "line": 40,
          "path": ""
        }
      },
      {
        "name": "timestamp",
        "desc": "",
        "lua_type": "number",
        "source": {
          "line": 45,
          "path": ""
        }
      }
    ],
    "types": [],
    "name": "InferAssignment",
    "desc": "",
    "source": {
      "line": 2,
      "path": ""
    }
  }
]
