---
source: tests/test-inputs.rs
expression: stdout
---
[
  {
    "name": "Module",
    "desc": "This is a module lcass with thsf",
    "functions": [
      {
        "name": "new",
        "desc": "Creates a new instance of Module.",
        "within": "Module",
        "params": [
          {
            "name": "name",
            "desc": "This is the name for this Module.",
            "lua_type": "string"
          }
        ],
        "returns": [
          {
            "desc": "Returns the new Module!",
            "lua_type": "Module"
          }
        ],
        "markers": [
          "server",
          "client"
        ],
        "tags": [
          "this is a tag",
          "this is another tag"
        ],
        "errors": [
          {
            "lua_type": "\"Bad\"",
            "desc": "This can error with the text Bad if there's a bad error."
          },
          {
            "lua_type": "Error<F>",
            "desc": "THis can error with an ERror object also. Maybe. We don't really know"
          }
        ],
        "function_type": "static",
        "deprecated": {
          "version": "1.12",
          "desc": "Use [[Module.somethingElse]] instead"
        }
      },
      {
        "name": "get",
        "desc": "Gets a thingy",
        "within": "Module",
        "params": [
          {
            "name": "name",
            "desc": "This is the name for this Module",
            "lua_type": "string"
          }
        ],
        "returns": [
          {
            "desc": "",
            "lua_type": "Module - Returns the new Module!"
          }
        ],
        "markers": [],
        "tags": [],
        "errors": [],
        "function_type": "method"
      }
    ],
    "properties": [],
    "types": [],
    "markers": [],
    "tags": []
  },
  {
    "name": "theclass",
    "desc": "This is the class",
    "functions": [
      {
        "name": "TheFunction",
        "desc": "Does the stuff",
        "within": "theclass",
        "params": [
          {
            "name": "thename",
            "desc": "the description",
            "lua_type": "the type"
          },
          {
            "name": "thenameredux",
            "desc": "the description again",
            "lua_type": "the type but twice"
          }
        ],
        "returns": [],
        "markers": [],
        "tags": [],
        "errors": [],
        "function_type": "static"
      }
    ],
    "properties": [],
    "types": [],
    "markers": [
      "unreleased"
    ],
    "tags": []
  }
]

