---
source: tests/test-inputs.rs
expression: stdout
---
[
  {
    "functions": [
      {
        "name": "f",
        "desc": "This is a description\nThis is alos adid seictopu",
        "within": "aclass",
        "params": [
          {
            "name": "thename",
            "desc": "the description",
            "lua_type": "the type"
          },
          {
            "name": "thenameredux",
            "desc": "the description again",
            "lua_type": "the type but twice"
          }
        ],
        "returns": [
          {
            "desc": "AAAAAAAAAAAAAAAAAAAAAAAAAA",
            "lua_type": "string"
          }
        ],
        "tags": [],
        "errors": [],
        "function_type": "static",
        "realm": [],
        "private": false,
        "unreleased": false,
        "yields": false,
        "ignore": false,
        "since": "v1.0",
        "deprecated": {
          "version": "v1.2",
          "desc": "This is no good."
        }
      }
    ],
    "properties": [],
    "types": [],
    "name": "aclass",
    "desc": "This is a class",
    "tags": [],
    "realm": [],
    "private": true,
    "unreleased": true,
    "ignore": false
  }
]

